// Jest Snapshot v1, https://goo.gl/fbAQLP

exports[`should render not found page 1`] = `
<div>
  <h2>
    404!
  </h2>
  -
  <Link
    replace={false}
    to="/"
  >
    Go Home
  </Link>
</div>
`;
